// Jest Snapshot v1, https://goo.gl/fbAQLP

exports[`Ini can set deeply nested keys 1`] = `
[
  PropertyCollection {
    "drop": [Function],
    "modifier": null,
    "parent": Ini {
      "expectMany": [Function],
      "expectN": [Function],
      "expectOne": [Function],
      "find": [Function],
      "get": [Function],
      "merge": [Function],
      "parse": [Function],
      "query": [Function],
      "render": [Function],
      "set": [Function],
      "stringify": [Function],
      "value": [Circular],
    },
    "query": [Function],
    "render": [Function],
    "set": [Function],
    "slug": "hub",
    "stringify": [Function],
    "type": "property",
    "value": [
      PropertyValue {
        "drop": [Function],
        "modifier": null,
        "parent": [Circular],
        "render": [Function],
        "set": [Function],
        "slug": "HUE_BRIDGE_USER",
        "stringify": [Function],
        "type": "string",
        "value": "USER",
      },
      PropertyValue {
        "drop": [Function],
        "modifier": null,
        "parent": [Circular],
        "render": [Function],
        "set": [Function],
        "slug": "HUE_BRIDGE_KEY",
        "stringify": [Function],
        "type": "string",
        "value": "KEY",
      },
      PropertyValue {
        "drop": [Function],
        "modifier": null,
        "parent": [Circular],
        "render": [Function],
        "set": [Function],
        "slug": "HUE_BRIDGE_IP",
        "stringify": [Function],
        "type": "string",
        "value": "192.168.1.8",
      },
      NoopValue {
        "drop": [Function],
        "modifier": null,
        "parent": [Circular],
        "render": [Function],
        "set": [Function],
        "slug": "00000000-0000-0000-0000-000000000000",
        "stringify": [Function],
        "type": "newline",
        "value": "
",
      },
      NoopValue {
        "drop": [Function],
        "modifier": null,
        "parent": [Circular],
        "render": [Function],
        "set": [Function],
        "slug": "00000000-0000-0000-0000-000000000000",
        "stringify": [Function],
        "type": "comment",
        "value": "; this is a test comment
",
      },
    ],
  },
  PropertyCollection {
    "drop": [Function],
    "modifier": null,
    "parent": Ini {
      "expectMany": [Function],
      "expectN": [Function],
      "expectOne": [Function],
      "find": [Function],
      "get": [Function],
      "merge": [Function],
      "parse": [Function],
      "query": [Function],
      "render": [Function],
      "set": [Function],
      "stringify": [Function],
      "value": [Circular],
    },
    "query": [Function],
    "render": [Function],
    "set": [Function],
    "slug": "use.remote",
    "stringify": [Function],
    "type": "property",
    "value": [
      PropertyValue {
        "drop": [Function],
        "modifier": "<",
        "parent": [Circular],
        "render": [Function],
        "set": [Function],
        "slug": "nocache",
        "stringify": [Function],
        "type": "boolean",
        "value": true,
      },
      PropertyValue {
        "drop": [Function],
        "modifier": null,
        "parent": [Circular],
        "render": [Function],
        "set": [Function],
        "slug": "urls",
        "stringify": [Function],
        "type": "array",
        "value": [
          PropertyValue {
            "drop": [Function],
            "modifier": null,
            "parent": [Circular],
            "render": [Function],
            "set": [Function],
            "slug": "urls[]",
            "stringify": [Function],
            "type": "string",
            "value": "https://pastebin.com/raw/Na2Hmfm8",
          },
        ],
      },
      NoopValue {
        "drop": [Function],
        "modifier": null,
        "parent": [Circular],
        "render": [Function],
        "set": [Function],
        "slug": "00000000-0000-0000-0000-000000000000",
        "stringify": [Function],
        "type": "newline",
        "value": "
",
      },
    ],
  },
  PropertyCollection {
    "drop": [Function],
    "modifier": null,
    "parent": Ini {
      "expectMany": [Function],
      "expectN": [Function],
      "expectOne": [Function],
      "find": [Function],
      "get": [Function],
      "merge": [Function],
      "parse": [Function],
      "query": [Function],
      "render": [Function],
      "set": [Function],
      "stringify": [Function],
      "value": [Circular],
    },
    "query": [Function],
    "render": [Function],
    "set": [Function],
    "slug": "use.local",
    "stringify": [Function],
    "type": "property",
    "value": [
      PropertyValue {
        "drop": [Function],
        "modifier": null,
        "parent": [Circular],
        "render": [Function],
        "set": [Function],
        "slug": "paths",
        "stringify": [Function],
        "type": "array",
        "value": [
          PropertyValue {
            "drop": [Function],
            "modifier": null,
            "parent": [Circular],
            "render": [Function],
            "set": [Function],
            "slug": "paths[]",
            "stringify": [Function],
            "type": "string",
            "value": "./palettes.ini",
          },
          PropertyValue {
            "drop": [Function],
            "modifier": null,
            "parent": [Circular],
            "render": [Function],
            "set": [Function],
            "slug": "paths[]",
            "stringify": [Function],
            "type": "string",
            "value": "colors.ini",
          },
        ],
      },
      NoopValue {
        "drop": [Function],
        "modifier": null,
        "parent": [Circular],
        "render": [Function],
        "set": [Function],
        "slug": "00000000-0000-0000-0000-000000000000",
        "stringify": [Function],
        "type": "newline",
        "value": "
",
      },
    ],
  },
]
`;

exports[`Ini should parse an ini file 1`] = `
[
  PropertyCollection {
    "drop": [Function],
    "modifier": null,
    "parent": Ini {
      "expectMany": [Function],
      "expectN": [Function],
      "expectOne": [Function],
      "find": [Function],
      "get": [Function],
      "merge": [Function],
      "parse": [Function],
      "query": [Function],
      "render": [Function],
      "set": [Function],
      "stringify": [Function],
      "value": [Circular],
    },
    "query": [Function],
    "render": [Function],
    "set": [Function],
    "slug": "hub",
    "stringify": [Function],
    "type": "property",
    "value": [
      PropertyValue {
        "drop": [Function],
        "modifier": null,
        "parent": [Circular],
        "render": [Function],
        "set": [Function],
        "slug": "HUE_BRIDGE_USER",
        "stringify": [Function],
        "type": "string",
        "value": "USER",
      },
      PropertyValue {
        "drop": [Function],
        "modifier": null,
        "parent": [Circular],
        "render": [Function],
        "set": [Function],
        "slug": "HUE_BRIDGE_KEY",
        "stringify": [Function],
        "type": "string",
        "value": "KEY",
      },
      PropertyValue {
        "drop": [Function],
        "modifier": null,
        "parent": [Circular],
        "render": [Function],
        "set": [Function],
        "slug": "HUE_BRIDGE_IP",
        "stringify": [Function],
        "type": "string",
        "value": "192.168.1.8",
      },
      NoopValue {
        "drop": [Function],
        "modifier": null,
        "parent": [Circular],
        "render": [Function],
        "set": [Function],
        "slug": "00000000-0000-0000-0000-000000000000",
        "stringify": [Function],
        "type": "newline",
        "value": "
",
      },
      NoopValue {
        "drop": [Function],
        "modifier": null,
        "parent": [Circular],
        "render": [Function],
        "set": [Function],
        "slug": "00000000-0000-0000-0000-000000000000",
        "stringify": [Function],
        "type": "comment",
        "value": "; this is a test comment
",
      },
    ],
  },
  PropertyCollection {
    "drop": [Function],
    "modifier": null,
    "parent": Ini {
      "expectMany": [Function],
      "expectN": [Function],
      "expectOne": [Function],
      "find": [Function],
      "get": [Function],
      "merge": [Function],
      "parse": [Function],
      "query": [Function],
      "render": [Function],
      "set": [Function],
      "stringify": [Function],
      "value": [Circular],
    },
    "query": [Function],
    "render": [Function],
    "set": [Function],
    "slug": "use.remote",
    "stringify": [Function],
    "type": "property",
    "value": [
      PropertyValue {
        "drop": [Function],
        "modifier": "<",
        "parent": [Circular],
        "render": [Function],
        "set": [Function],
        "slug": "nocache",
        "stringify": [Function],
        "type": "boolean",
        "value": true,
      },
      PropertyValue {
        "drop": [Function],
        "modifier": null,
        "parent": [Circular],
        "render": [Function],
        "set": [Function],
        "slug": "urls",
        "stringify": [Function],
        "type": "array",
        "value": [
          PropertyValue {
            "drop": [Function],
            "modifier": null,
            "parent": [Circular],
            "render": [Function],
            "set": [Function],
            "slug": "urls[]",
            "stringify": [Function],
            "type": "string",
            "value": "https://pastebin.com/raw/Na2Hmfm8",
          },
        ],
      },
      NoopValue {
        "drop": [Function],
        "modifier": null,
        "parent": [Circular],
        "render": [Function],
        "set": [Function],
        "slug": "00000000-0000-0000-0000-000000000000",
        "stringify": [Function],
        "type": "newline",
        "value": "
",
      },
    ],
  },
  PropertyCollection {
    "drop": [Function],
    "modifier": null,
    "parent": Ini {
      "expectMany": [Function],
      "expectN": [Function],
      "expectOne": [Function],
      "find": [Function],
      "get": [Function],
      "merge": [Function],
      "parse": [Function],
      "query": [Function],
      "render": [Function],
      "set": [Function],
      "stringify": [Function],
      "value": [Circular],
    },
    "query": [Function],
    "render": [Function],
    "set": [Function],
    "slug": "use.local",
    "stringify": [Function],
    "type": "property",
    "value": [
      PropertyValue {
        "drop": [Function],
        "modifier": null,
        "parent": [Circular],
        "render": [Function],
        "set": [Function],
        "slug": "paths",
        "stringify": [Function],
        "type": "array",
        "value": [
          PropertyValue {
            "drop": [Function],
            "modifier": null,
            "parent": [Circular],
            "render": [Function],
            "set": [Function],
            "slug": "paths[]",
            "stringify": [Function],
            "type": "string",
            "value": "./palettes.ini",
          },
          PropertyValue {
            "drop": [Function],
            "modifier": null,
            "parent": [Circular],
            "render": [Function],
            "set": [Function],
            "slug": "paths[]",
            "stringify": [Function],
            "type": "string",
            "value": "colors.ini",
          },
        ],
      },
      NoopValue {
        "drop": [Function],
        "modifier": null,
        "parent": [Circular],
        "render": [Function],
        "set": [Function],
        "slug": "00000000-0000-0000-0000-000000000000",
        "stringify": [Function],
        "type": "newline",
        "value": "
",
      },
    ],
  },
]
`;
