// Jest Snapshot v1, https://goo.gl/fbAQLP

exports[`Ini can set deeply nested keys 1`] = `
[
  PropertyCollection {
    "assert": [Function],
    "drop": [Function],
    "ini": Ini {
      "assert": [Function],
      "drop": [Function],
      "expectMany": [Function],
      "expectN": [Function],
      "expectOne": [Function],
      "find": [Function],
      "get": [Function],
      "merge": [Function],
      "parse": [Function],
      "query": [Function],
      "render": [Function],
      "rules": {
        "allowOrphanedProperties": false,
        "duplicateGroups": "merge",
        "maxDepth": 10,
        "preserveComments": true,
        "preserveNewlines": true,
        "propertySorting": "none",
        "useAssignmentSpacing": true,
      },
      "set": [Function],
      "stringify": [Function],
      "value": [Circular],
    },
    "modifier": null,
    "orphaned": false,
    "parent": Ini {
      "assert": [Function],
      "drop": [Function],
      "expectMany": [Function],
      "expectN": [Function],
      "expectOne": [Function],
      "find": [Function],
      "get": [Function],
      "merge": [Function],
      "parse": [Function],
      "query": [Function],
      "render": [Function],
      "rules": {
        "allowOrphanedProperties": false,
        "duplicateGroups": "merge",
        "maxDepth": 10,
        "preserveComments": true,
        "preserveNewlines": true,
        "propertySorting": "none",
        "useAssignmentSpacing": true,
      },
      "set": [Function],
      "stringify": [Function],
      "value": [Circular],
    },
    "query": [Function],
    "render": [Function],
    "set": [Function],
    "slug": "hub",
    "sort": [Function],
    "stringify": [Function],
    "type": "collection",
    "value": [
      PropertyValue {
        "assert": [Function],
        "drop": [Function],
        "ini": Ini {
          "assert": [Function],
          "drop": [Function],
          "expectMany": [Function],
          "expectN": [Function],
          "expectOne": [Function],
          "find": [Function],
          "get": [Function],
          "merge": [Function],
          "parse": [Function],
          "query": [Function],
          "render": [Function],
          "rules": {
            "allowOrphanedProperties": false,
            "duplicateGroups": "merge",
            "maxDepth": 10,
            "preserveComments": true,
            "preserveNewlines": true,
            "propertySorting": "none",
            "useAssignmentSpacing": true,
          },
          "set": [Function],
          "stringify": [Function],
          "value": [Circular],
        },
        "modifier": null,
        "parent": [Circular],
        "render": [Function],
        "set": [Function],
        "slug": "HUE_BRIDGE_USER",
        "stringify": [Function],
        "type": "string",
        "value": "USER",
      },
      PropertyValue {
        "assert": [Function],
        "drop": [Function],
        "ini": Ini {
          "assert": [Function],
          "drop": [Function],
          "expectMany": [Function],
          "expectN": [Function],
          "expectOne": [Function],
          "find": [Function],
          "get": [Function],
          "merge": [Function],
          "parse": [Function],
          "query": [Function],
          "render": [Function],
          "rules": {
            "allowOrphanedProperties": false,
            "duplicateGroups": "merge",
            "maxDepth": 10,
            "preserveComments": true,
            "preserveNewlines": true,
            "propertySorting": "none",
            "useAssignmentSpacing": true,
          },
          "set": [Function],
          "stringify": [Function],
          "value": [Circular],
        },
        "modifier": null,
        "parent": [Circular],
        "render": [Function],
        "set": [Function],
        "slug": "HUE_BRIDGE_KEY",
        "stringify": [Function],
        "type": "string",
        "value": "KEY",
      },
      PropertyValue {
        "assert": [Function],
        "drop": [Function],
        "ini": Ini {
          "assert": [Function],
          "drop": [Function],
          "expectMany": [Function],
          "expectN": [Function],
          "expectOne": [Function],
          "find": [Function],
          "get": [Function],
          "merge": [Function],
          "parse": [Function],
          "query": [Function],
          "render": [Function],
          "rules": {
            "allowOrphanedProperties": false,
            "duplicateGroups": "merge",
            "maxDepth": 10,
            "preserveComments": true,
            "preserveNewlines": true,
            "propertySorting": "none",
            "useAssignmentSpacing": true,
          },
          "set": [Function],
          "stringify": [Function],
          "value": [Circular],
        },
        "modifier": null,
        "parent": [Circular],
        "render": [Function],
        "set": [Function],
        "slug": "HUE_BRIDGE_IP",
        "stringify": [Function],
        "type": "string",
        "value": "192.168.1.8",
      },
      NoopValue {
        "assert": [Function],
        "drop": [Function],
        "ini": Ini {
          "assert": [Function],
          "drop": [Function],
          "expectMany": [Function],
          "expectN": [Function],
          "expectOne": [Function],
          "find": [Function],
          "get": [Function],
          "merge": [Function],
          "parse": [Function],
          "query": [Function],
          "render": [Function],
          "rules": {
            "allowOrphanedProperties": false,
            "duplicateGroups": "merge",
            "maxDepth": 10,
            "preserveComments": true,
            "preserveNewlines": true,
            "propertySorting": "none",
            "useAssignmentSpacing": true,
          },
          "set": [Function],
          "stringify": [Function],
          "value": [Circular],
        },
        "modifier": null,
        "parent": [Circular],
        "render": [Function],
        "set": [Function],
        "slug": "00000000-0000-0000-0000-000000000000",
        "stringify": [Function],
        "type": "newline",
        "value": "
",
      },
      NoopValue {
        "assert": [Function],
        "drop": [Function],
        "ini": Ini {
          "assert": [Function],
          "drop": [Function],
          "expectMany": [Function],
          "expectN": [Function],
          "expectOne": [Function],
          "find": [Function],
          "get": [Function],
          "merge": [Function],
          "parse": [Function],
          "query": [Function],
          "render": [Function],
          "rules": {
            "allowOrphanedProperties": false,
            "duplicateGroups": "merge",
            "maxDepth": 10,
            "preserveComments": true,
            "preserveNewlines": true,
            "propertySorting": "none",
            "useAssignmentSpacing": true,
          },
          "set": [Function],
          "stringify": [Function],
          "value": [Circular],
        },
        "modifier": null,
        "parent": [Circular],
        "render": [Function],
        "set": [Function],
        "slug": "00000000-0000-0000-0000-000000000000",
        "stringify": [Function],
        "type": "comment",
        "value": "; this is a test comment
",
      },
    ],
  },
  PropertyCollection {
    "assert": [Function],
    "drop": [Function],
    "ini": Ini {
      "assert": [Function],
      "drop": [Function],
      "expectMany": [Function],
      "expectN": [Function],
      "expectOne": [Function],
      "find": [Function],
      "get": [Function],
      "merge": [Function],
      "parse": [Function],
      "query": [Function],
      "render": [Function],
      "rules": {
        "allowOrphanedProperties": false,
        "duplicateGroups": "merge",
        "maxDepth": 10,
        "preserveComments": true,
        "preserveNewlines": true,
        "propertySorting": "none",
        "useAssignmentSpacing": true,
      },
      "set": [Function],
      "stringify": [Function],
      "value": [Circular],
    },
    "modifier": null,
    "orphaned": false,
    "parent": Ini {
      "assert": [Function],
      "drop": [Function],
      "expectMany": [Function],
      "expectN": [Function],
      "expectOne": [Function],
      "find": [Function],
      "get": [Function],
      "merge": [Function],
      "parse": [Function],
      "query": [Function],
      "render": [Function],
      "rules": {
        "allowOrphanedProperties": false,
        "duplicateGroups": "merge",
        "maxDepth": 10,
        "preserveComments": true,
        "preserveNewlines": true,
        "propertySorting": "none",
        "useAssignmentSpacing": true,
      },
      "set": [Function],
      "stringify": [Function],
      "value": [Circular],
    },
    "query": [Function],
    "render": [Function],
    "set": [Function],
    "slug": "use.remote",
    "sort": [Function],
    "stringify": [Function],
    "type": "collection",
    "value": [
      PropertyValue {
        "assert": [Function],
        "drop": [Function],
        "ini": Ini {
          "assert": [Function],
          "drop": [Function],
          "expectMany": [Function],
          "expectN": [Function],
          "expectOne": [Function],
          "find": [Function],
          "get": [Function],
          "merge": [Function],
          "parse": [Function],
          "query": [Function],
          "render": [Function],
          "rules": {
            "allowOrphanedProperties": false,
            "duplicateGroups": "merge",
            "maxDepth": 10,
            "preserveComments": true,
            "preserveNewlines": true,
            "propertySorting": "none",
            "useAssignmentSpacing": true,
          },
          "set": [Function],
          "stringify": [Function],
          "value": [Circular],
        },
        "modifier": "<",
        "parent": [Circular],
        "render": [Function],
        "set": [Function],
        "slug": "nocache",
        "stringify": [Function],
        "type": "boolean",
        "value": true,
      },
      PropertyValue {
        "assert": [Function],
        "drop": [Function],
        "ini": Ini {
          "assert": [Function],
          "drop": [Function],
          "expectMany": [Function],
          "expectN": [Function],
          "expectOne": [Function],
          "find": [Function],
          "get": [Function],
          "merge": [Function],
          "parse": [Function],
          "query": [Function],
          "render": [Function],
          "rules": {
            "allowOrphanedProperties": false,
            "duplicateGroups": "merge",
            "maxDepth": 10,
            "preserveComments": true,
            "preserveNewlines": true,
            "propertySorting": "none",
            "useAssignmentSpacing": true,
          },
          "set": [Function],
          "stringify": [Function],
          "value": [Circular],
        },
        "modifier": null,
        "parent": [Circular],
        "render": [Function],
        "set": [Function],
        "slug": "urls",
        "stringify": [Function],
        "type": "array",
        "value": [
          PropertyValue {
            "assert": [Function],
            "drop": [Function],
            "ini": Ini {
              "assert": [Function],
              "drop": [Function],
              "expectMany": [Function],
              "expectN": [Function],
              "expectOne": [Function],
              "find": [Function],
              "get": [Function],
              "merge": [Function],
              "parse": [Function],
              "query": [Function],
              "render": [Function],
              "rules": {
                "allowOrphanedProperties": false,
                "duplicateGroups": "merge",
                "maxDepth": 10,
                "preserveComments": true,
                "preserveNewlines": true,
                "propertySorting": "none",
                "useAssignmentSpacing": true,
              },
              "set": [Function],
              "stringify": [Function],
              "value": [Circular],
            },
            "modifier": null,
            "parent": [Circular],
            "render": [Function],
            "set": [Function],
            "slug": "urls[]",
            "stringify": [Function],
            "type": "string",
            "value": "https://pastebin.com/raw/Na2Hmfm8",
          },
        ],
      },
      NoopValue {
        "assert": [Function],
        "drop": [Function],
        "ini": Ini {
          "assert": [Function],
          "drop": [Function],
          "expectMany": [Function],
          "expectN": [Function],
          "expectOne": [Function],
          "find": [Function],
          "get": [Function],
          "merge": [Function],
          "parse": [Function],
          "query": [Function],
          "render": [Function],
          "rules": {
            "allowOrphanedProperties": false,
            "duplicateGroups": "merge",
            "maxDepth": 10,
            "preserveComments": true,
            "preserveNewlines": true,
            "propertySorting": "none",
            "useAssignmentSpacing": true,
          },
          "set": [Function],
          "stringify": [Function],
          "value": [Circular],
        },
        "modifier": null,
        "parent": [Circular],
        "render": [Function],
        "set": [Function],
        "slug": "00000000-0000-0000-0000-000000000000",
        "stringify": [Function],
        "type": "newline",
        "value": "
",
      },
    ],
  },
  PropertyCollection {
    "assert": [Function],
    "drop": [Function],
    "ini": Ini {
      "assert": [Function],
      "drop": [Function],
      "expectMany": [Function],
      "expectN": [Function],
      "expectOne": [Function],
      "find": [Function],
      "get": [Function],
      "merge": [Function],
      "parse": [Function],
      "query": [Function],
      "render": [Function],
      "rules": {
        "allowOrphanedProperties": false,
        "duplicateGroups": "merge",
        "maxDepth": 10,
        "preserveComments": true,
        "preserveNewlines": true,
        "propertySorting": "none",
        "useAssignmentSpacing": true,
      },
      "set": [Function],
      "stringify": [Function],
      "value": [Circular],
    },
    "modifier": null,
    "orphaned": false,
    "parent": Ini {
      "assert": [Function],
      "drop": [Function],
      "expectMany": [Function],
      "expectN": [Function],
      "expectOne": [Function],
      "find": [Function],
      "get": [Function],
      "merge": [Function],
      "parse": [Function],
      "query": [Function],
      "render": [Function],
      "rules": {
        "allowOrphanedProperties": false,
        "duplicateGroups": "merge",
        "maxDepth": 10,
        "preserveComments": true,
        "preserveNewlines": true,
        "propertySorting": "none",
        "useAssignmentSpacing": true,
      },
      "set": [Function],
      "stringify": [Function],
      "value": [Circular],
    },
    "query": [Function],
    "render": [Function],
    "set": [Function],
    "slug": "use.local",
    "sort": [Function],
    "stringify": [Function],
    "type": "collection",
    "value": [
      PropertyValue {
        "assert": [Function],
        "drop": [Function],
        "ini": Ini {
          "assert": [Function],
          "drop": [Function],
          "expectMany": [Function],
          "expectN": [Function],
          "expectOne": [Function],
          "find": [Function],
          "get": [Function],
          "merge": [Function],
          "parse": [Function],
          "query": [Function],
          "render": [Function],
          "rules": {
            "allowOrphanedProperties": false,
            "duplicateGroups": "merge",
            "maxDepth": 10,
            "preserveComments": true,
            "preserveNewlines": true,
            "propertySorting": "none",
            "useAssignmentSpacing": true,
          },
          "set": [Function],
          "stringify": [Function],
          "value": [Circular],
        },
        "modifier": null,
        "parent": [Circular],
        "render": [Function],
        "set": [Function],
        "slug": "paths",
        "stringify": [Function],
        "type": "array",
        "value": [
          PropertyValue {
            "assert": [Function],
            "drop": [Function],
            "ini": Ini {
              "assert": [Function],
              "drop": [Function],
              "expectMany": [Function],
              "expectN": [Function],
              "expectOne": [Function],
              "find": [Function],
              "get": [Function],
              "merge": [Function],
              "parse": [Function],
              "query": [Function],
              "render": [Function],
              "rules": {
                "allowOrphanedProperties": false,
                "duplicateGroups": "merge",
                "maxDepth": 10,
                "preserveComments": true,
                "preserveNewlines": true,
                "propertySorting": "none",
                "useAssignmentSpacing": true,
              },
              "set": [Function],
              "stringify": [Function],
              "value": [Circular],
            },
            "modifier": null,
            "parent": [Circular],
            "render": [Function],
            "set": [Function],
            "slug": "paths[]",
            "stringify": [Function],
            "type": "string",
            "value": "./palettes.ini",
          },
          PropertyValue {
            "assert": [Function],
            "drop": [Function],
            "ini": Ini {
              "assert": [Function],
              "drop": [Function],
              "expectMany": [Function],
              "expectN": [Function],
              "expectOne": [Function],
              "find": [Function],
              "get": [Function],
              "merge": [Function],
              "parse": [Function],
              "query": [Function],
              "render": [Function],
              "rules": {
                "allowOrphanedProperties": false,
                "duplicateGroups": "merge",
                "maxDepth": 10,
                "preserveComments": true,
                "preserveNewlines": true,
                "propertySorting": "none",
                "useAssignmentSpacing": true,
              },
              "set": [Function],
              "stringify": [Function],
              "value": [Circular],
            },
            "modifier": null,
            "parent": [Circular],
            "render": [Function],
            "set": [Function],
            "slug": "paths[]",
            "stringify": [Function],
            "type": "string",
            "value": "colors.ini",
          },
        ],
      },
      NoopValue {
        "assert": [Function],
        "drop": [Function],
        "ini": Ini {
          "assert": [Function],
          "drop": [Function],
          "expectMany": [Function],
          "expectN": [Function],
          "expectOne": [Function],
          "find": [Function],
          "get": [Function],
          "merge": [Function],
          "parse": [Function],
          "query": [Function],
          "render": [Function],
          "rules": {
            "allowOrphanedProperties": false,
            "duplicateGroups": "merge",
            "maxDepth": 10,
            "preserveComments": true,
            "preserveNewlines": true,
            "propertySorting": "none",
            "useAssignmentSpacing": true,
          },
          "set": [Function],
          "stringify": [Function],
          "value": [Circular],
        },
        "modifier": null,
        "parent": [Circular],
        "render": [Function],
        "set": [Function],
        "slug": "00000000-0000-0000-0000-000000000000",
        "stringify": [Function],
        "type": "newline",
        "value": "
",
      },
    ],
  },
]
`;

exports[`Ini should parse an ini file 1`] = `
[
  PropertyCollection {
    "assert": [Function],
    "drop": [Function],
    "ini": Ini {
      "assert": [Function],
      "drop": [Function],
      "expectMany": [Function],
      "expectN": [Function],
      "expectOne": [Function],
      "find": [Function],
      "get": [Function],
      "merge": [Function],
      "parse": [Function],
      "query": [Function],
      "render": [Function],
      "rules": {
        "allowOrphanedProperties": false,
        "duplicateGroups": "merge",
        "maxDepth": 10,
        "preserveComments": true,
        "preserveNewlines": true,
        "propertySorting": "none",
        "useAssignmentSpacing": true,
      },
      "set": [Function],
      "stringify": [Function],
      "value": [Circular],
    },
    "modifier": null,
    "orphaned": false,
    "parent": Ini {
      "assert": [Function],
      "drop": [Function],
      "expectMany": [Function],
      "expectN": [Function],
      "expectOne": [Function],
      "find": [Function],
      "get": [Function],
      "merge": [Function],
      "parse": [Function],
      "query": [Function],
      "render": [Function],
      "rules": {
        "allowOrphanedProperties": false,
        "duplicateGroups": "merge",
        "maxDepth": 10,
        "preserveComments": true,
        "preserveNewlines": true,
        "propertySorting": "none",
        "useAssignmentSpacing": true,
      },
      "set": [Function],
      "stringify": [Function],
      "value": [Circular],
    },
    "query": [Function],
    "render": [Function],
    "set": [Function],
    "slug": "hub",
    "sort": [Function],
    "stringify": [Function],
    "type": "collection",
    "value": [
      PropertyValue {
        "assert": [Function],
        "drop": [Function],
        "ini": Ini {
          "assert": [Function],
          "drop": [Function],
          "expectMany": [Function],
          "expectN": [Function],
          "expectOne": [Function],
          "find": [Function],
          "get": [Function],
          "merge": [Function],
          "parse": [Function],
          "query": [Function],
          "render": [Function],
          "rules": {
            "allowOrphanedProperties": false,
            "duplicateGroups": "merge",
            "maxDepth": 10,
            "preserveComments": true,
            "preserveNewlines": true,
            "propertySorting": "none",
            "useAssignmentSpacing": true,
          },
          "set": [Function],
          "stringify": [Function],
          "value": [Circular],
        },
        "modifier": null,
        "parent": [Circular],
        "render": [Function],
        "set": [Function],
        "slug": "HUE_BRIDGE_USER",
        "stringify": [Function],
        "type": "string",
        "value": "USER",
      },
      PropertyValue {
        "assert": [Function],
        "drop": [Function],
        "ini": Ini {
          "assert": [Function],
          "drop": [Function],
          "expectMany": [Function],
          "expectN": [Function],
          "expectOne": [Function],
          "find": [Function],
          "get": [Function],
          "merge": [Function],
          "parse": [Function],
          "query": [Function],
          "render": [Function],
          "rules": {
            "allowOrphanedProperties": false,
            "duplicateGroups": "merge",
            "maxDepth": 10,
            "preserveComments": true,
            "preserveNewlines": true,
            "propertySorting": "none",
            "useAssignmentSpacing": true,
          },
          "set": [Function],
          "stringify": [Function],
          "value": [Circular],
        },
        "modifier": null,
        "parent": [Circular],
        "render": [Function],
        "set": [Function],
        "slug": "HUE_BRIDGE_KEY",
        "stringify": [Function],
        "type": "string",
        "value": "KEY",
      },
      PropertyValue {
        "assert": [Function],
        "drop": [Function],
        "ini": Ini {
          "assert": [Function],
          "drop": [Function],
          "expectMany": [Function],
          "expectN": [Function],
          "expectOne": [Function],
          "find": [Function],
          "get": [Function],
          "merge": [Function],
          "parse": [Function],
          "query": [Function],
          "render": [Function],
          "rules": {
            "allowOrphanedProperties": false,
            "duplicateGroups": "merge",
            "maxDepth": 10,
            "preserveComments": true,
            "preserveNewlines": true,
            "propertySorting": "none",
            "useAssignmentSpacing": true,
          },
          "set": [Function],
          "stringify": [Function],
          "value": [Circular],
        },
        "modifier": null,
        "parent": [Circular],
        "render": [Function],
        "set": [Function],
        "slug": "HUE_BRIDGE_IP",
        "stringify": [Function],
        "type": "string",
        "value": "192.168.1.8",
      },
      NoopValue {
        "assert": [Function],
        "drop": [Function],
        "ini": Ini {
          "assert": [Function],
          "drop": [Function],
          "expectMany": [Function],
          "expectN": [Function],
          "expectOne": [Function],
          "find": [Function],
          "get": [Function],
          "merge": [Function],
          "parse": [Function],
          "query": [Function],
          "render": [Function],
          "rules": {
            "allowOrphanedProperties": false,
            "duplicateGroups": "merge",
            "maxDepth": 10,
            "preserveComments": true,
            "preserveNewlines": true,
            "propertySorting": "none",
            "useAssignmentSpacing": true,
          },
          "set": [Function],
          "stringify": [Function],
          "value": [Circular],
        },
        "modifier": null,
        "parent": [Circular],
        "render": [Function],
        "set": [Function],
        "slug": "00000000-0000-0000-0000-000000000000",
        "stringify": [Function],
        "type": "newline",
        "value": "
",
      },
      NoopValue {
        "assert": [Function],
        "drop": [Function],
        "ini": Ini {
          "assert": [Function],
          "drop": [Function],
          "expectMany": [Function],
          "expectN": [Function],
          "expectOne": [Function],
          "find": [Function],
          "get": [Function],
          "merge": [Function],
          "parse": [Function],
          "query": [Function],
          "render": [Function],
          "rules": {
            "allowOrphanedProperties": false,
            "duplicateGroups": "merge",
            "maxDepth": 10,
            "preserveComments": true,
            "preserveNewlines": true,
            "propertySorting": "none",
            "useAssignmentSpacing": true,
          },
          "set": [Function],
          "stringify": [Function],
          "value": [Circular],
        },
        "modifier": null,
        "parent": [Circular],
        "render": [Function],
        "set": [Function],
        "slug": "00000000-0000-0000-0000-000000000000",
        "stringify": [Function],
        "type": "comment",
        "value": "; this is a test comment
",
      },
    ],
  },
  PropertyCollection {
    "assert": [Function],
    "drop": [Function],
    "ini": Ini {
      "assert": [Function],
      "drop": [Function],
      "expectMany": [Function],
      "expectN": [Function],
      "expectOne": [Function],
      "find": [Function],
      "get": [Function],
      "merge": [Function],
      "parse": [Function],
      "query": [Function],
      "render": [Function],
      "rules": {
        "allowOrphanedProperties": false,
        "duplicateGroups": "merge",
        "maxDepth": 10,
        "preserveComments": true,
        "preserveNewlines": true,
        "propertySorting": "none",
        "useAssignmentSpacing": true,
      },
      "set": [Function],
      "stringify": [Function],
      "value": [Circular],
    },
    "modifier": null,
    "orphaned": false,
    "parent": Ini {
      "assert": [Function],
      "drop": [Function],
      "expectMany": [Function],
      "expectN": [Function],
      "expectOne": [Function],
      "find": [Function],
      "get": [Function],
      "merge": [Function],
      "parse": [Function],
      "query": [Function],
      "render": [Function],
      "rules": {
        "allowOrphanedProperties": false,
        "duplicateGroups": "merge",
        "maxDepth": 10,
        "preserveComments": true,
        "preserveNewlines": true,
        "propertySorting": "none",
        "useAssignmentSpacing": true,
      },
      "set": [Function],
      "stringify": [Function],
      "value": [Circular],
    },
    "query": [Function],
    "render": [Function],
    "set": [Function],
    "slug": "use.remote",
    "sort": [Function],
    "stringify": [Function],
    "type": "collection",
    "value": [
      PropertyValue {
        "assert": [Function],
        "drop": [Function],
        "ini": Ini {
          "assert": [Function],
          "drop": [Function],
          "expectMany": [Function],
          "expectN": [Function],
          "expectOne": [Function],
          "find": [Function],
          "get": [Function],
          "merge": [Function],
          "parse": [Function],
          "query": [Function],
          "render": [Function],
          "rules": {
            "allowOrphanedProperties": false,
            "duplicateGroups": "merge",
            "maxDepth": 10,
            "preserveComments": true,
            "preserveNewlines": true,
            "propertySorting": "none",
            "useAssignmentSpacing": true,
          },
          "set": [Function],
          "stringify": [Function],
          "value": [Circular],
        },
        "modifier": "<",
        "parent": [Circular],
        "render": [Function],
        "set": [Function],
        "slug": "nocache",
        "stringify": [Function],
        "type": "boolean",
        "value": true,
      },
      PropertyValue {
        "assert": [Function],
        "drop": [Function],
        "ini": Ini {
          "assert": [Function],
          "drop": [Function],
          "expectMany": [Function],
          "expectN": [Function],
          "expectOne": [Function],
          "find": [Function],
          "get": [Function],
          "merge": [Function],
          "parse": [Function],
          "query": [Function],
          "render": [Function],
          "rules": {
            "allowOrphanedProperties": false,
            "duplicateGroups": "merge",
            "maxDepth": 10,
            "preserveComments": true,
            "preserveNewlines": true,
            "propertySorting": "none",
            "useAssignmentSpacing": true,
          },
          "set": [Function],
          "stringify": [Function],
          "value": [Circular],
        },
        "modifier": null,
        "parent": [Circular],
        "render": [Function],
        "set": [Function],
        "slug": "urls",
        "stringify": [Function],
        "type": "array",
        "value": [
          PropertyValue {
            "assert": [Function],
            "drop": [Function],
            "ini": Ini {
              "assert": [Function],
              "drop": [Function],
              "expectMany": [Function],
              "expectN": [Function],
              "expectOne": [Function],
              "find": [Function],
              "get": [Function],
              "merge": [Function],
              "parse": [Function],
              "query": [Function],
              "render": [Function],
              "rules": {
                "allowOrphanedProperties": false,
                "duplicateGroups": "merge",
                "maxDepth": 10,
                "preserveComments": true,
                "preserveNewlines": true,
                "propertySorting": "none",
                "useAssignmentSpacing": true,
              },
              "set": [Function],
              "stringify": [Function],
              "value": [Circular],
            },
            "modifier": null,
            "parent": [Circular],
            "render": [Function],
            "set": [Function],
            "slug": "urls[]",
            "stringify": [Function],
            "type": "string",
            "value": "https://pastebin.com/raw/Na2Hmfm8",
          },
        ],
      },
      NoopValue {
        "assert": [Function],
        "drop": [Function],
        "ini": Ini {
          "assert": [Function],
          "drop": [Function],
          "expectMany": [Function],
          "expectN": [Function],
          "expectOne": [Function],
          "find": [Function],
          "get": [Function],
          "merge": [Function],
          "parse": [Function],
          "query": [Function],
          "render": [Function],
          "rules": {
            "allowOrphanedProperties": false,
            "duplicateGroups": "merge",
            "maxDepth": 10,
            "preserveComments": true,
            "preserveNewlines": true,
            "propertySorting": "none",
            "useAssignmentSpacing": true,
          },
          "set": [Function],
          "stringify": [Function],
          "value": [Circular],
        },
        "modifier": null,
        "parent": [Circular],
        "render": [Function],
        "set": [Function],
        "slug": "00000000-0000-0000-0000-000000000000",
        "stringify": [Function],
        "type": "newline",
        "value": "
",
      },
    ],
  },
  PropertyCollection {
    "assert": [Function],
    "drop": [Function],
    "ini": Ini {
      "assert": [Function],
      "drop": [Function],
      "expectMany": [Function],
      "expectN": [Function],
      "expectOne": [Function],
      "find": [Function],
      "get": [Function],
      "merge": [Function],
      "parse": [Function],
      "query": [Function],
      "render": [Function],
      "rules": {
        "allowOrphanedProperties": false,
        "duplicateGroups": "merge",
        "maxDepth": 10,
        "preserveComments": true,
        "preserveNewlines": true,
        "propertySorting": "none",
        "useAssignmentSpacing": true,
      },
      "set": [Function],
      "stringify": [Function],
      "value": [Circular],
    },
    "modifier": null,
    "orphaned": false,
    "parent": Ini {
      "assert": [Function],
      "drop": [Function],
      "expectMany": [Function],
      "expectN": [Function],
      "expectOne": [Function],
      "find": [Function],
      "get": [Function],
      "merge": [Function],
      "parse": [Function],
      "query": [Function],
      "render": [Function],
      "rules": {
        "allowOrphanedProperties": false,
        "duplicateGroups": "merge",
        "maxDepth": 10,
        "preserveComments": true,
        "preserveNewlines": true,
        "propertySorting": "none",
        "useAssignmentSpacing": true,
      },
      "set": [Function],
      "stringify": [Function],
      "value": [Circular],
    },
    "query": [Function],
    "render": [Function],
    "set": [Function],
    "slug": "use.local",
    "sort": [Function],
    "stringify": [Function],
    "type": "collection",
    "value": [
      PropertyValue {
        "assert": [Function],
        "drop": [Function],
        "ini": Ini {
          "assert": [Function],
          "drop": [Function],
          "expectMany": [Function],
          "expectN": [Function],
          "expectOne": [Function],
          "find": [Function],
          "get": [Function],
          "merge": [Function],
          "parse": [Function],
          "query": [Function],
          "render": [Function],
          "rules": {
            "allowOrphanedProperties": false,
            "duplicateGroups": "merge",
            "maxDepth": 10,
            "preserveComments": true,
            "preserveNewlines": true,
            "propertySorting": "none",
            "useAssignmentSpacing": true,
          },
          "set": [Function],
          "stringify": [Function],
          "value": [Circular],
        },
        "modifier": null,
        "parent": [Circular],
        "render": [Function],
        "set": [Function],
        "slug": "paths",
        "stringify": [Function],
        "type": "array",
        "value": [
          PropertyValue {
            "assert": [Function],
            "drop": [Function],
            "ini": Ini {
              "assert": [Function],
              "drop": [Function],
              "expectMany": [Function],
              "expectN": [Function],
              "expectOne": [Function],
              "find": [Function],
              "get": [Function],
              "merge": [Function],
              "parse": [Function],
              "query": [Function],
              "render": [Function],
              "rules": {
                "allowOrphanedProperties": false,
                "duplicateGroups": "merge",
                "maxDepth": 10,
                "preserveComments": true,
                "preserveNewlines": true,
                "propertySorting": "none",
                "useAssignmentSpacing": true,
              },
              "set": [Function],
              "stringify": [Function],
              "value": [Circular],
            },
            "modifier": null,
            "parent": [Circular],
            "render": [Function],
            "set": [Function],
            "slug": "paths[]",
            "stringify": [Function],
            "type": "string",
            "value": "./palettes.ini",
          },
          PropertyValue {
            "assert": [Function],
            "drop": [Function],
            "ini": Ini {
              "assert": [Function],
              "drop": [Function],
              "expectMany": [Function],
              "expectN": [Function],
              "expectOne": [Function],
              "find": [Function],
              "get": [Function],
              "merge": [Function],
              "parse": [Function],
              "query": [Function],
              "render": [Function],
              "rules": {
                "allowOrphanedProperties": false,
                "duplicateGroups": "merge",
                "maxDepth": 10,
                "preserveComments": true,
                "preserveNewlines": true,
                "propertySorting": "none",
                "useAssignmentSpacing": true,
              },
              "set": [Function],
              "stringify": [Function],
              "value": [Circular],
            },
            "modifier": null,
            "parent": [Circular],
            "render": [Function],
            "set": [Function],
            "slug": "paths[]",
            "stringify": [Function],
            "type": "string",
            "value": "colors.ini",
          },
        ],
      },
      NoopValue {
        "assert": [Function],
        "drop": [Function],
        "ini": Ini {
          "assert": [Function],
          "drop": [Function],
          "expectMany": [Function],
          "expectN": [Function],
          "expectOne": [Function],
          "find": [Function],
          "get": [Function],
          "merge": [Function],
          "parse": [Function],
          "query": [Function],
          "render": [Function],
          "rules": {
            "allowOrphanedProperties": false,
            "duplicateGroups": "merge",
            "maxDepth": 10,
            "preserveComments": true,
            "preserveNewlines": true,
            "propertySorting": "none",
            "useAssignmentSpacing": true,
          },
          "set": [Function],
          "stringify": [Function],
          "value": [Circular],
        },
        "modifier": null,
        "parent": [Circular],
        "render": [Function],
        "set": [Function],
        "slug": "00000000-0000-0000-0000-000000000000",
        "stringify": [Function],
        "type": "newline",
        "value": "
",
      },
    ],
  },
]
`;
